// Jest Snapshot v1, https://goo.gl/fbAQLP

exports[`main app render 1`] = `null`;
