// Jest Snapshot v1, https://goo.gl/fbAQLP

exports[`screen.stores renders correctly 1`] = `
<View>
  <RCTScrollView
    data={
      Array [
        Object {
          "branches": Array [],
          "id": 1,
          "name": "first store",
        },
      ]
    }
    disableVirtualization={false}
    getItem={[Function]}
    getItemCount={[Function]}
    horizontal={false}
    initialNumToRender={10}
    keyExtractor={[Function]}
    maxToRenderPerBatch={10}
    numColumns={1}
    onContentSizeChange={[Function]}
    onEndReachedThreshold={2}
    onLayout={[Function]}
    onMomentumScrollEnd={[Function]}
    onScroll={[Function]}
    onScrollBeginDrag={[Function]}
    onScrollEndDrag={[Function]}
    renderItem={[Function]}
    scrollEventThrottle={50}
    stickyHeaderIndices={Array []}
    updateCellsBatchingPeriod={50}
    viewabilityConfigCallbackPairs={Array []}
    windowSize={21}
  >
    <View>
      <View
        onLayout={[Function]}
        style={null}
      >
        <View>
          <Text
            onPress={[Function]}
          >
            - 
            first store
          </Text>
          <View
            data={Array []}
            disableVirtualization={false}
            getItem={[Function]}
            getItemCount={[Function]}
            horizontal={false}
            initialNumToRender={10}
            keyExtractor={[Function]}
            maxToRenderPerBatch={10}
            numColumns={1}
            onContentSizeChange={[Function]}
            onEndReachedThreshold={2}
            onLayout={[Function]}
            onMomentumScrollEnd={[Function]}
            onScroll={[Function]}
            onScrollBeginDrag={[Function]}
            onScrollEndDrag={[Function]}
            renderItem={[Function]}
            scrollEventThrottle={50}
            stickyHeaderIndices={Array []}
            style={
              Object {
                "paddingLeft": 10,
              }
            }
            updateCellsBatchingPeriod={50}
            viewabilityConfigCallbackPairs={Array []}
            windowSize={21}
          />
        </View>
      </View>
    </View>
  </RCTScrollView>
</View>
`;

exports[`screen.stores shows loader 1`] = `
<View
  style={
    Object {
      "flex": 1,
      "padding": 20,
    }
  }
>
  <ActivityIndicator
    animating={true}
    color="#999999"
    hidesWhenStopped={true}
    size="small"
  />
</View>
`;
